{ c := a . plus < > ( b ) ; e := a . plus < > ( b ) ; d := a . plus < > ( b ) ; }