fun add < > ( a : Int < > , b : Int < > ) : Int < > return a . plus < > ( b ) ; return add < > ( 5 , 7 ) ;