class Fib < > ( v : Int < > ) extends InterviewQuestions < > { super ( ) ; fun fib < > ( n : Int < > ) : Int < > { if ( n . equals < > ( 1 ) . or < > ( n . equals < > ( 2 ) ) ) return 1 ; else { } first := 1 ; second := 1 ; for ( el in [ 1 , 2 , 3 ] ) { tmp := second ; second := first . plus < > ( second ) ; first := tmp ; n := n . minus < > ( 1 ) ; } return second ; } } return 5 ;