interface GoodStudent < > extends Thing { fun doHomework < > ( ) : GoodGrade < > ; fun askQuestion < > ( ) : Knowledge < > ; } return "hello world" ;