if ( b . lessThan < > ( a , true ) ) if ( b . lessThan < > ( a , true ) ) { } else { } else { }