class Yao1 < T > ( xi : Integer < > ) extends P { z := a . minus < > ( b ) ; super ( a , b ) ; fun hello < > ( ) : Hello < > me := 1 ; } return 0 ;