class Name { Name name ; Name name ; Name name ; Name name ; fun name ( Name name ) : name { return 0 ; } fun name ( Name name ) : Name { Name name = name ( name ) ; return ( name / 0 ) ; } fun name ( Name name ) : Name { Name name = 0 ; while ( name . name != Name ) { name = name + 0 ; name = name . name ; } return name ; } }