fun name ( name : Name ) : Name { if ( name ) { return true ; } return true ; }