for ( name in 0 ... ) { name := 0 / name ; } for ( name in 0 <.. ) { name := 0 / name ; }