0 != 0 ; 0 > "" 0 + 0 = "" - name ; [ 0 ] ++ [ 0 , 0 , 0 ]
