[ "" , , 0 ] fun name ( name : Name ) : Name = name ( name ) ;