fun testTimes < > (Integer a , Integer b ) : Integer { return a . times < > ( b ) } fun testSlash < > ( Integer a , Integer b ) : Integer { return a . slash ( b ) ; } fun testModulo < > ( Integer a , Integer b ) : Integer { a . modulo ( b ) ; } fun testAdd < > ( Integer a , Integer b ) : Integer { return a . plus ( b ) ; } fun testSubtract ( Integer a , Integer b ) : Integer { return a . subtract ( b ) ; }