fun testLesssThan ( a : Boolean < > , b : Boolean < > ) : Boolean {	return a . lessThan < >( b , true ) ; } fun testLessThanEq ( a : Integer < > ,  b : Integer < > ) : Boolean { return a . lessThan < > ( b , false ) ; } fun testGreaterThanEq ( a : Integer < > , b : Integer < > ) : Boolean { return b . lessThan < > ( a , true ) ; } fun testGreaterThan ( a : Integer < > , b : nteger < > ) : Boolean { return b . lessThan < > ( a ) ; } fun testEq ( a : Integer < > , b : Integer < > ) : Boolean { return a . equals ( b ) ; } fun testNotEq ( a : Integer < > , b : Integer < > ) : Boolean { return a . equals negate ( b ) ; }