fun fourAmMadness ( lolololo : Trolololo < > ) : LiChiXi { return "oh hai" ; } fun Xiaoyue ( moon : Little < > ) : Guo {	return ( "Hi Mandy" ) ; } fun is ( key : A < > ) : Word { return yeahYEAH; } fun wtfAmIDoing ( dont : I < > ) : Know { return asdfasdfasdf ; } fun foo ( y : Integer < > ) : Integer return y * 2; fun foo( y : Integer < > ) : Integer = y * 2 ;
