fun testTimes < > ( a : Integer < > , b : Integer < > ) : Integer < > return a . times < > ( b ) ; fun testDivide < > ( a : Integer < > , b : Integer < > ) : Integer < > return a . divide < > ( b ) ; fun testModulo < > ( a : Integer < > , b : Integer < > ) : Integer < > return a . modulo < > ( b ) ; fun testAdd < > ( a : Integer < > , b : Integer < > ) : Integer < > return a . plus < > ( b ) ; fun testMinus < > ( a : Integer < > , b : Integer < > ) : Integer < > return a . minus < > ( b ) ; return 0 ;