yao := 1 . modulo < > ( 2 . divide < > ( 3 . times < > ( 4 ) ) ) ;