if ( a . equals < > ( b ) ) return 4 ; else { } if ( c . equals < > ( d ) ) return 5 ; else return 6 ;