fun quicksort < > ( l : List < > ) : List < > { m := l . first < > ( ) ; n := l . pop < > ( ) ; a := newList < > ( ) ; b := newList < > ( ) ; for ( i in 1 . through < > ( l . range < > ( ) , true , true ) ) if ( m . lessThan < > ( l . get < > ( i ) , true ) ) j := a . put < > ( l . get < > ( i ) ) ; else k := b . put < > ( l . get < > ( i ) ) ; newList := a . append < > ( m , b ) ; return quicksort < > ( newList ) ; } return 0 ;