fun testTimes < > ( a : Integer , b : Integer < > ) : Integer < > { return a . times < > ( b ) } fun testSlash < > ( a : Integer , b : Integer < > ) : Integer < > { return a . slash < > ( b ) ; } fun testModulo < > ( a : Integer , b : Integer < > ) : Integer < > { a . modulo < > ( b ) ; } fun testAdd < > ( a : Integer < > , b : Integer < > ) : Integer < > { return a . plus < > ( b ) ; } fun testSubtract < > ( a : Integer < > , b : Integer < > ) : Integer < > { return a . subtract < > ( b ) ; } return 0 ;