
class Fib (v : Int) {
    fun fib(n : Int) : Int {
        if ( !n ) {
            return 1; 
        }
    }
}
