fun sum < > ( range : Iterable < Integer < > > ) : Integer < > { ret := 0 ; for ( i in range ) { ret := ret . plus < > ( i ) ; ret := ret . minus < > ( i ) ; } return ret ; } sum1 := sum < > ( 1 . through < > ( 4 , true , true ) ) ; sum2 := sum < > ( 1 . through < > ( 4 , false , false ) ) ; sum3 := sum < > ( 1 . through < > ( 4 , false , true ) ) ; sum4 := sum < > ( 1 . through < > ( 4 , true , false ) ) ; if ( sum2 . lessThan < > ( sum1 , false ) . and < > ( sum2 . lessThan < > ( sum4 , true ) ) . and < > ( sum2 . lessThan < > ( sum3 , true ) ) . and < > ( sum4 . lessThan < > ( sum3 , false ) ) ) return "Yay!" ; else { }