fun testTimes < > ( a : Integer < > , b : Integer < > ) : Integer < > { d := [ 8 ] ; return a . times < > ( b ) ; } return [ "" ] ;
