return [ for (i in [ 5, 6, 7 ]) if (true) "o" ] ;
