e := x . plus < > ( y ) ; e := x . minus < > ( y ) ; e := x . times < > ( y ) ; e := x . divide < > ( y ) ; e := x . modulo < > ( y ) ; e := x . negate < > ( ) ; e := x . negative < > ( ) ; e := x . through < > ( y , true , true ) ; e := x . through < > ( y , true , false ) ; e := x . through < > ( y , false , true ) ; e := x . through < > ( y , false , false ) ; e := x . onwards < > ( false ) ; e := x . onwards < > ( true ) ; e := x . equals < > ( y ) ; e := x . equals < > ( y ) . negate < > ( ) ; e := y . lessThan < > ( x , false ) ; e := x . lessThan < > ( y , false ) ; e := y . lessThan < > ( x , true ) ; e := x . lessThan < > ( y , true ) ; e := x . and < > ( y ) ; e := x . or < > ( y ) ;