count := 0 ; for ( i in 0 . through < > ( n , true , false ) ) for ( j in i . through < > ( n , false , false ) ) { mondad := printer . print < > ( "This is an n squared function" ) ; for ( k in j . plus < > ( 1 ) . through < > ( n . minus < > ( 1 ) , true , true ) ) { s := "we need to go deeper" ; for ( l in k . plus < > ( 1 ) . through < > ( n , true , false ) ) return "we went too deep" ; } }