for ( i in 1 . onwards < > ( true ) ) { k := 5 . through < > ( 7 , true , true ) ; j := k ++ k ++ [ 1 , 2 , 3 ] ; }