class Iterable < E > ( ) extends Thing { super ( ) ; }