fun quicksort < > (l : List < > ) : List < > { Integer < >  m := l . first < > ( ); l . pop < > ( ); List < > a := newList < > ( ) ; List < > b := newList < > ( ); for( i in 1 .. ( l . range < > ( ) ) ){ if( l . get < > ( i ) > m ){ a . put < > ( l . get < > ( i ) ) ; } else { ( b . put < > ( l . get < > ( i ) ) ) ; } } newList := a . flatten < > ( m , b ) ; quicksort < > ( newList ) ; } return 0 ;