class Fib ( v : Int ) extends InterviewQuestions < > { super ( ) fun fib < > ( n : Int ) : Int { if ( n == 1 | n == 2 ) { returns 1 ; } first := 1 ; second := 1 ; while ( n . lessThan < > ( 2 , true ) ) { tmp := second ; second := first . plus < > ( second ) ; first := tmp ; n := n . minus < > ( 1 ) ; } return second ; } }