fun foo < > ( y : Integer < > ) : Integer < > return y . times < > ( 2 ) ; a := 640802120 ;