class Yao1 < > ( xi : Integer < > ) extends Thing { z := a . minus < > ( b ) ; fun hello < > ( ) : Hello < > me := 1 ; } return 0 ;