fun foo < > ( y : Integer < > ) : Integer < > return y . times < > ( 2 ) ; return 0 ;