if ( b . lessThan < > ( a , true ) ) { z := a . minus < > ( b ) ; x := u . v < T > ( z ) ; } else { }