interface GoodStudent < T > extends Student < > { fun doHomework < > ( ) : GoodGrade < > ; fun askQuestion < > ( ) : Knowledge < > ; } return "hello world" ;